Change Component Designator: Old Designator=C122 New Designator=C?
Change Component Designator: Old Designator=C123 New Designator=C?
Change Component Designator: Old Designator=C124 New Designator=C?
Change Component Designator: Old Designator=C125 New Designator=C?
Change Component Designator: Old Designator=C126 New Designator=C?
Change Component Designator: Old Designator=C127 New Designator=C?
Change Component Designator: Old Designator=C128 New Designator=C?
Change Component Designator: Old Designator=C129 New Designator=C?
Change Component Designator: Old Designator=C130 New Designator=C?
Change Component Designator: Old Designator=J2 New Designator=J?
Change Component Designator: Old Designator=L7 New Designator=L?
Change Component Designator: Old Designator=R33 New Designator=R?
Change Component Designator: Old Designator=R34 New Designator=R?
Change Component Designator: Old Designator=R35 New Designator=R?
Change Component Designator: Old Designator=R36 New Designator=R?
Change Component Designator: Old Designator=R37 New Designator=R?
Change Component Designator: Old Designator=R38 New Designator=R?
Change Component Designator: Old Designator=R39 New Designator=R?
Change Component Designator: Old Designator=T1 New Designator=T?
Change Component Designator: Old Designator=U15 New Designator=U?
Change Component Designator: Old Designator=Y2 New Designator=Y?
