Removed Pin From Net: NetName=ETH_TXD2 Pin=U13-C1
Removed Pin From Net: NetName=ETH_TXD1 Pin=U13-C2
Removed Pin From Net: NetName=ETH_TXEN Pin=U13-E3
Removed Pin From Net: NetName=ETH_RXC Pin=U13-E4
Removed Pin From Net: NetName=ETH_TXC Pin=U13-E5
Removed Pin From Net: NetName=ETH_TXD3 Pin=U13-F5
Removed Pin From Net: NetName=ETH_INTRP Pin=U13-G3
Removed Pin From Net: NetName=ETH_CRS Pin=U13-G4
Removed Pin From Net: NetName=ETH_TXD0 Pin=U13-G5
Removed Pin From Net: NetName=ETH_TXER Pin=U13-G6
Removed Pin From Net: NetName=ETH_RXD1 Pin=U13-H5
Removed Pin From Net: NetName=ETH_RXD0 Pin=U13-H6
Removed Pin From Net: NetName=ETH_COL Pin=U13-H7
Removed Pin From Net: NetName=ETH_MDIO Pin=U13-J5
Removed Pin From Net: NetName=ETH_MDC Pin=U13-J7
Removed Pin From Net: NetName=ETH_RXD2 Pin=U13-J10
Removed Pin From Net: NetName=ETH_Reset Pin=U13-K5
Removed Pin From Net: NetName=ETH_RXD3 Pin=U13-K9
Removed Pin From Net: NetName=ETH_RXDV Pin=U13-K10
Removed Pin From Net: NetName=ETH_RXER Pin=U13-L9
Added Pin To Net: NetName=ETH_TXD0 Pin=U13-B1
Added Pin To Net: NetName=ETH_TXER Pin=U13-B2
Added Pin To Net: NetName=ETH_RXD3 Pin=U13-C1
Added Pin To Net: NetName=ETH_RXD2 Pin=U13-C2
Added Pin To Net: NetName=ETH_TXC Pin=U13-C3
Added Pin To Net: NetName=ETH_TXD3 Pin=U13-C4
Added Pin To Net: NetName=ETH_RXER Pin=U13-E3
Added Pin To Net: NetName=ETH_RXDV Pin=U13-E4
Added Pin To Net: NetName=ETH_TXEN Pin=U13-E5
Added Pin To Net: NetName=ETH_RXC Pin=U13-F5
Added Pin To Net: NetName=ETH_RXD1 Pin=U13-G5
Added Pin To Net: NetName=ETH_RXD0 Pin=U13-G6
Added Pin To Net: NetName=ETH_TXD2 Pin=U13-G7
Added Pin To Net: NetName=ETH_COL Pin=U13-H5
Added Pin To Net: NetName=ETH_MDC Pin=U13-H6
Added Pin To Net: NetName=ETH_TXD1 Pin=U13-H8
Added Pin To Net: NetName=ETH_CRS Pin=U13-J10
Added Pin To Net: NetName=ETH_INTRP Pin=U13-K9
Added Pin To Net: NetName=ETH_Reset Pin=U13-K10
Added Pin To Net: NetName=ETH_MDIO Pin=U13-L9
