Removed Pin From Net: NetName=ETH_TXC Pin=U13-E1
Removed Pin From Net: NetName=ETH_TXD3 Pin=U13-E2
Removed Pin From Net: NetName=ETH_TXD2 Pin=U13-F1
Removed Pin From Net: NetName=ETH_TXD1 Pin=U13-F3
Removed Pin From Net: NetName=ETH_TXD0 Pin=U13-G1
Removed Pin From Net: NetName=ETH_TXER Pin=U13-G2
Removed Pin From Net: NetName=ETH_TXEN Pin=U13-H1
Removed Pin From Net: NetName=ETH_RXC Pin=U13-H3
Removed Pin From Net: NetName=ETH_RXD3 Pin=U13-J1
Removed Pin From Net: NetName=ETH_RXD2 Pin=U13-J2
Removed Pin From Net: NetName=ETH_RXD1 Pin=U13-K1
Removed Pin From Net: NetName=ETH_RXD0 Pin=U13-K3
Removed Pin From Net: NetName=ETH_Reset Pin=U13-K8
Removed Pin From Net: NetName=ETH_RXER Pin=U13-L1
Removed Pin From Net: NetName=ETH_RXDV Pin=U13-L2
Removed Pin From Net: NetName=ETH_MDIO Pin=U13-L8
Removed Pin From Net: NetName=ETH_INTRP Pin=U13-M1
Removed Pin From Net: NetName=ETH_CRS Pin=U13-M3
Removed Pin From Net: NetName=ETH_COL Pin=U13-N1
Removed Pin From Net: NetName=ETH_MDC Pin=U13-N2
Added Pin To Net: NetName=ETH_TXD2 Pin=U13-C1
Added Pin To Net: NetName=ETH_TXD1 Pin=U13-C2
Added Pin To Net: NetName=ETH_TXEN Pin=U13-E3
Added Pin To Net: NetName=ETH_RXC Pin=U13-E4
Added Pin To Net: NetName=ETH_TXC Pin=U13-E5
Added Pin To Net: NetName=ETH_TXD3 Pin=U13-F5
Added Pin To Net: NetName=ETH_INTRP Pin=U13-G3
Added Pin To Net: NetName=ETH_CRS Pin=U13-G4
Added Pin To Net: NetName=ETH_TXD0 Pin=U13-G5
Added Pin To Net: NetName=ETH_TXER Pin=U13-G6
Added Pin To Net: NetName=ETH_RXD1 Pin=U13-H5
Added Pin To Net: NetName=ETH_RXD0 Pin=U13-H6
Added Pin To Net: NetName=ETH_COL Pin=U13-H7
Added Pin To Net: NetName=ETH_MDIO Pin=U13-J5
Added Pin To Net: NetName=ETH_MDC Pin=U13-J7
Added Pin To Net: NetName=ETH_RXD2 Pin=U13-J10
Added Pin To Net: NetName=ETH_Reset Pin=U13-K5
Added Pin To Net: NetName=ETH_RXD3 Pin=U13-K9
Added Pin To Net: NetName=ETH_RXDV Pin=U13-K10
Added Pin To Net: NetName=ETH_RXER Pin=U13-L9
