Removed Pin From Net: NetName=ADC_DB2_P Pin=U14-AA23
Removed Pin From Net: NetName=ADC_DB2_N Pin=U14-AA24
Removed Pin From Net: NetName=3V3D Pin=U14-AB23
Removed Pin From Net: NetName=ADC_DB6_P Pin=U14-AC23
Removed Pin From Net: NetName=ADC_DB6_N Pin=U14-AC24
Removed Pin From Net: NetName=3V3D Pin=U14-AD25
Removed Pin From Net: NetName=ADC_DB10_P Pin=U14-AE24
Removed Pin From Net: NetName=ADC_DB10_N Pin=U14-AF25
Removed Pin From Net: NetName=DAC_D3_N Pin=U14-K18
Removed Pin From Net: NetName=DAC_D3_P Pin=U14-L17
Removed Pin From Net: NetName=DAC_D5_N Pin=U14-L18
Removed Pin From Net: NetName=DAC_D0_P Pin=U14-L23
Removed Pin From Net: NetName=DAC_D0_N Pin=U14-L24
Removed Pin From Net: NetName=DAC_D7_P Pin=U14-M18
Removed Pin From Net: NetName=DAC_D5_P Pin=U14-M19
Removed Pin From Net: NetName=3V3D Pin=U14-M20
Removed Pin From Net: NetName=ADC_CLKOUT_N Pin=U14-M21
Removed Pin From Net: NetName=DAC_D2_P Pin=U14-M23
Removed Pin From Net: NetName=DAC_FRAME_P Pin=U14-N17
Removed Pin From Net: NetName=DAC_FRAME_N Pin=U14-N18
Removed Pin From Net: NetName=DAC_D7_N Pin=U14-N19
Removed Pin From Net: NetName=ADC_CLKOUT_P Pin=U14-N20
Removed Pin From Net: NetName=DAC_D1_N Pin=U14-N21
Removed Pin From Net: NetName=DAC_CLK_P Pin=U14-N22
Removed Pin From Net: NetName=DAC_CLK_N Pin=U14-N23
Removed Pin From Net: NetName=DAC_D2_N Pin=U14-N24
Removed Pin From Net: NetName=ADC_DA2_P Pin=U14-P17
Removed Pin From Net: NetName=ADC_DA2_N Pin=U14-P18
Removed Pin From Net: NetName=DAC_D1_P Pin=U14-P20
Removed Pin From Net: NetName=3V3D Pin=U14-P23
Removed Pin From Net: NetName=DAC_D4_P Pin=U14-P24
Removed Pin From Net: NetName=DAC_D4_N Pin=U14-P26
Removed Pin From Net: NetName=ADC_DA6_P Pin=U14-R17
Removed Pin From Net: NetName=ADC_DA6_N Pin=U14-R18
Removed Pin From Net: NetName=ADC_DA4_N Pin=U14-R19
Removed Pin From Net: NetName=ADC_DA4_P Pin=U14-R20
Removed Pin From Net: NetName=ADC_DA0_N Pin=U14-R21
Removed Pin From Net: NetName=ADC_DA0_P Pin=U14-R22
Removed Pin From Net: NetName=DAC_D6_P Pin=U14-R25
Removed Pin From Net: NetName=DAC_D6_N Pin=U14-R26
Removed Pin From Net: NetName=ADC_DA10_P Pin=U14-T18
Removed Pin From Net: NetName=ADC_DA10_N Pin=U14-T19
Removed Pin From Net: NetName=ADC_DB4_P Pin=U14-T20
Removed Pin From Net: NetName=ADC_DA8_P Pin=U14-T22
Removed Pin From Net: NetName=3V3D Pin=U14-T25
Removed Pin From Net: NetName=ADC_DB0_P Pin=U14-U17
Removed Pin From Net: NetName=3V3D Pin=U14-U18
Removed Pin From Net: NetName=ADC_DB4_N Pin=U14-U20
Removed Pin From Net: NetName=ADC_DA12_P Pin=U14-U21
Removed Pin From Net: NetName=ADC_DA12_N Pin=U14-U22
Removed Pin From Net: NetName=ADC_DA8_N Pin=U14-U23
Removed Pin From Net: NetName=ADC_DB0_N Pin=U14-V17
Removed Pin From Net: NetName=ADC_DB8_P Pin=U14-V18
Removed Pin From Net: NetName=ADC_DB8_N Pin=U14-V19
Removed Pin From Net: NetName=3V3D Pin=U14-V21
Removed Pin From Net: NetName=ADC_DB12_P Pin=U14-W18
Removed Pin From Net: NetName=ADC_DB12_N Pin=U14-W19
Removed Pin From Net: NetName=3V3D Pin=U14-W23
Removed Pin From Net: NetName=3V3D Pin=U14-Y25
Removed Member From Class: ClassName=S7CAS-PLEIADES-CARTE-MERE_P06_FPGA1 Member=U14
Add component: Footprint Not Found RES_0402
Add Pin To Net: Unknown Pin: Pin R27-1
Add Pin To Net: Unknown Pin: Pin R27-2
Added Pin To Net: NetName=ADC_DB2_P Pin=U13-AA23
Added Pin To Net: NetName=ADC_DB2_N Pin=U13-AA24
Added Pin To Net: NetName=3V3D Pin=U13-AB23
Added Pin To Net: NetName=ADC_DB6_P Pin=U13-AC23
Added Pin To Net: NetName=ADC_DB6_N Pin=U13-AC24
Added Pin To Net: NetName=3V3D Pin=U13-AD25
Added Pin To Net: NetName=ADC_DB10_P Pin=U13-AE24
Added Pin To Net: NetName=ADC_DB10_N Pin=U13-AF25
Added Pin To Net: NetName=TEMP_SDA Pin=U13-G17
Added Pin To Net: NetName=TEMP_SCLK Pin=U13-H16
Added Pin To Net: NetName=DAC_D3_N Pin=U13-K18
Added Pin To Net: NetName=DAC_D3_P Pin=U13-L17
Added Pin To Net: NetName=DAC_D5_N Pin=U13-L18
Added Pin To Net: NetName=DAC_D0_P Pin=U13-L23
Added Pin To Net: NetName=DAC_D0_N Pin=U13-L24
Added Pin To Net: NetName=DAC_D7_P Pin=U13-M18
Added Pin To Net: NetName=DAC_D5_P Pin=U13-M19
Added Pin To Net: NetName=3V3D Pin=U13-M20
Added Pin To Net: NetName=ADC_CLKOUT_N Pin=U13-M21
Added Pin To Net: NetName=DAC_D2_P Pin=U13-M23
Added Pin To Net: NetName=DAC_FRAME_P Pin=U13-N17
Added Pin To Net: NetName=DAC_FRAME_N Pin=U13-N18
Added Pin To Net: NetName=DAC_D7_N Pin=U13-N19
Added Pin To Net: NetName=ADC_CLKOUT_P Pin=U13-N20
Added Pin To Net: NetName=DAC_D1_N Pin=U13-N21
Added Pin To Net: NetName=DAC_CLK_P Pin=U13-N22
Added Pin To Net: NetName=DAC_CLK_N Pin=U13-N23
Added Pin To Net: NetName=DAC_D2_N Pin=U13-N24
Added Pin To Net: NetName=ADC_DA2_P Pin=U13-P17
Added Pin To Net: NetName=ADC_DA2_N Pin=U13-P18
Added Pin To Net: NetName=DAC_D1_P Pin=U13-P20
Added Pin To Net: NetName=3V3D Pin=U13-P23
Added Pin To Net: NetName=DAC_D4_P Pin=U13-P24
Added Pin To Net: NetName=DAC_D4_N Pin=U13-P26
Added Pin To Net: NetName=ADC_DA6_P Pin=U13-R17
Added Pin To Net: NetName=ADC_DA6_N Pin=U13-R18
Added Pin To Net: NetName=ADC_DA4_N Pin=U13-R19
Added Pin To Net: NetName=ADC_DA4_P Pin=U13-R20
Added Pin To Net: NetName=ADC_DA0_N Pin=U13-R21
Added Pin To Net: NetName=ADC_DA0_P Pin=U13-R22
Added Pin To Net: NetName=DAC_D6_P Pin=U13-R25
Added Pin To Net: NetName=DAC_D6_N Pin=U13-R26
Added Pin To Net: NetName=ADC_DA10_P Pin=U13-T18
Added Pin To Net: NetName=ADC_DA10_N Pin=U13-T19
Added Pin To Net: NetName=ADC_DB4_P Pin=U13-T20
Added Pin To Net: NetName=ADC_DA8_P Pin=U13-T22
Added Pin To Net: NetName=3V3D Pin=U13-T25
Added Pin To Net: NetName=ADC_DB0_P Pin=U13-U17
Added Pin To Net: NetName=3V3D Pin=U13-U18
Added Pin To Net: NetName=ADC_DB4_N Pin=U13-U20
Added Pin To Net: NetName=ADC_DA12_P Pin=U13-U21
Added Pin To Net: NetName=ADC_DA12_N Pin=U13-U22
Added Pin To Net: NetName=ADC_DA8_N Pin=U13-U23
Added Pin To Net: NetName=ADC_DB0_N Pin=U13-V17
Added Pin To Net: NetName=ADC_DB8_P Pin=U13-V18
Added Pin To Net: NetName=ADC_DB8_N Pin=U13-V19
Added Pin To Net: NetName=3V3D Pin=U13-V21
Added Pin To Net: NetName=ADC_DB12_P Pin=U13-W18
Added Pin To Net: NetName=ADC_DB12_N Pin=U13-W19
Added Pin To Net: NetName=3V3D Pin=U13-W23
Added Pin To Net: NetName=3V3D Pin=U13-Y25
Add Class Member: Failed to add class member : Component H1 335314B00000G
Add Class Member: Failed to add class member : Component R27 RMCF0402FT10R0
Added Member To Class: ClassName=S7CAS-PLEIADES-CARTE-MERE_P06_FPGA2 Member=Component U14 XC6SLX100-3FGG676C
