Add component: Footprint Not Found RES_0402
Added Component: Designator=U14(FPGA_XILINX_FGG676)
Add component (AddParameter): Name = "CreatedBy"; Value = "Jonathan Bouchard"; VariantName = "[No Variations]"
Add component (AddParameter): Name = "Current"; Value = ""; VariantName = "[No Variations]"
Add component (AddParameter): Name = "FootprintNameOK"; Value = ""; VariantName = "[No Variations]"
Add component (AddParameter): Name = "HelpURL"; Value = "https://www.xilinx.com/support/documentation/data_sheets/ds162.pdf"; VariantName = "[No Variations]"
Add component (AddParameter): Name = "Mfg"; Value = "Xilinx"; VariantName = "[No Variations]"
Add component (AddParameter): Name = "Mfg Part Number"; Value = "XC6SLX100-3FGG676C"; VariantName = "[No Variations]"
Add component (AddParameter): Name = "NI"; Value = ""; VariantName = "[No Variations]"
Add component (AddParameter): Name = "Package"; Value = "BGA-676"; VariantName = "[No Variations]"
Add component (AddParameter): Name = "Power"; Value = ""; VariantName = "[No Variations]"
Add component (AddParameter): Name = "Precision"; Value = ""; VariantName = "[No Variations]"
Add component (AddParameter): Name = "Supplier 1"; Value = "Digikey"; VariantName = "[No Variations]"
Add component (AddParameter): Name = "Supplier Part Number 1"; Value = "122-1760-ND"; VariantName = "[No Variations]"
Add component (AddParameter): Name = "Temperature"; Value = "0°C ~ 85°C (TJ)"; VariantName = "[No Variations]"
Add component (AddParameter): Name = "Value"; Value = ""; VariantName = "[No Variations]"
Add component (AddParameter): Name = "VerifiedBy"; Value = ""; VariantName = "[No Variations]"
Add component (AddParameter): Name = "Voltage"; Value = "1.14 V ~ 1.26 V"; VariantName = "[No Variations]"
Add Pin To Net: Unknown Pin: Pin R27-1
Add Pin To Net: Unknown Pin: Pin R27-2
Added Pin To Net: NetName=GND Pin=U14-A1
Added Pin To Net: NetName=JTAG_TDO Pin=U14-A24
Added Pin To Net: NetName=GND Pin=U14-A26
Added Pin To Net: NetName=DDR3_DQ9 Pin=U14-AA1
Added Pin To Net: NetName=DDR3_DQ8 Pin=U14-AA2
Added Pin To Net: NetName=3V3D Pin=U14-AA6
Added Pin To Net: NetName=3V3D Pin=U14-AA10
Added Pin To Net: NetName=3V3D Pin=U14-AA16
Added Pin To Net: NetName=CLOCK_SPI_LE Pin=U14-AA19
Added Pin To Net: NetName=3V3D Pin=U14-AA21
Added Pin To Net: NetName=DDR3_DQ15 Pin=U14-AB1
Added Pin To Net: NetName=GND Pin=U14-AB2
Added Pin To Net: NetName=DDR3_DQ14 Pin=U14-AB3
Added Pin To Net: NetName=GND Pin=U14-AB12
Added Pin To Net: NetName=3V3D Pin=U14-AB14
Added Pin To Net: NetName=GND Pin=U14-AB16
Added Pin To Net: NetName=GND Pin=U14-AB20
Added Pin To Net: NetName=GND Pin=U14-AB25
Added Pin To Net: NetName=DDR3_UDQS_N Pin=U14-AC1
Added Pin To Net: NetName=DDR3_UDQS_P Pin=U14-AC2
Added Pin To Net: NetName=1V5D Pin=U14-AC6
Added Pin To Net: NetName=GND Pin=U14-AC8
Added Pin To Net: NetName=3V3D Pin=U14-AC10
Added Pin To Net: NetName=3V3D Pin=U14-AC18
Added Pin To Net: NetName=CLOCK_SPI_CLK Pin=U14-AC19
Added Pin To Net: NetName=3V3D Pin=U14-AC21
Added Pin To Net: NetName=DDR3_DQ13 Pin=U14-AD1
Added Pin To Net: NetName=1V5D Pin=U14-AD2
Added Pin To Net: NetName=DDR3_DQ12 Pin=U14-AD3
Added Pin To Net: NetName=GND Pin=U14-AD16
Added Pin To Net: NetName=CLOCK_SPI_MOSI Pin=U14-AD19
Added Pin To Net: NetName=SPI_FLASH_MISO Pin=U14-AD20
Added Pin To Net: NetName=SPI_FLASH_SCLK Pin=U14-AD22
Added Pin To Net: NetName=DDR3_DQ11 Pin=U14-AE1
Added Pin To Net: NetName=DDR3_DQ10 Pin=U14-AE2
Added Pin To Net: NetName=NetR30_1 Pin=U14-AE4
Added Pin To Net: NetName=GND Pin=U14-AE6
Added Pin To Net: NetName=3V3D Pin=U14-AE8
Added Pin To Net: NetName=GND Pin=U14-AE10
Added Pin To Net: NetName=3V3D Pin=U14-AE12
Added Pin To Net: NetName=GND Pin=U14-AE14
Added Pin To Net: NetName=3V3D Pin=U14-AE16
Added Pin To Net: NetName=GND Pin=U14-AE18
Added Pin To Net: NetName=3V3D Pin=U14-AE20
Added Pin To Net: NetName=GND Pin=U14-AE22
Added Pin To Net: NetName=GND Pin=U14-AF1
Added Pin To Net: NetName=NetR29_1 Pin=U14-AF3
Added Pin To Net: NetName=SPI_FLASH_CS Pin=U14-AF4
Added Pin To Net: NetName=SPI_FLASH_MOSI Pin=U14-AF20
Added Pin To Net: NetName=3V3D Pin=U14-AF22
Added Pin To Net: NetName=DONE_2 Pin=U14-AF23
Added Pin To Net: NetName=GND Pin=U14-AF26
Added Pin To Net: NetName=GND Pin=U14-B5
Added Pin To Net: NetName=GND Pin=U14-B9
Added Pin To Net: NetName=GND Pin=U14-B13
Added Pin To Net: NetName=GND Pin=U14-B17
Added Pin To Net: NetName=GND Pin=U14-B21
Added Pin To Net: NetName=JTAG_TMS Pin=U14-C23
Added Pin To Net: NetName=ADC_Reset Pin=U14-C24
Added Pin To Net: NetName=3V3D Pin=U14-D2
Added Pin To Net: NetName=GND Pin=U14-D4
Added Pin To Net: NetName=ADC_SEN Pin=U14-D22
Added Pin To Net: NetName=DAC_RST Pin=U14-D24
Added Pin To Net: NetName=1V8D Pin=U14-D25
Added Pin To Net: NetName=SPI_SCLK Pin=U14-D26
Added Pin To Net: NetName=ETH_TXC Pin=U14-E1
Added Pin To Net: NetName=ETH_TXD3 Pin=U14-E2
Added Pin To Net: NetName=GND Pin=U14-E7
Added Pin To Net: NetName=GND Pin=U14-E11
Added Pin To Net: NetName=GND Pin=U14-E15
Added Pin To Net: NetName=JTAG_TCK Pin=U14-E21
Added Pin To Net: NetName=GND Pin=U14-E22
Added Pin To Net: NetName=ADC_SDOUT Pin=U14-E23
Added Pin To Net: NetName=ETH_TXD2 Pin=U14-F1
Added Pin To Net: NetName=GND Pin=U14-F2
Added Pin To Net: NetName=ETH_TXD1 Pin=U14-F3
Added Pin To Net: NetName=3V3D Pin=U14-F4
Added Pin To Net: NetName=3V3D Pin=U14-F6
Added Pin To Net: NetName=GND Pin=U14-F19
Added Pin To Net: NetName=JTAG_TDI Pin=U14-F20
Added Pin To Net: NetName=3V3D Pin=U14-F21
Added Pin To Net: NetName=ADC_SCLK Pin=U14-F22
Added Pin To Net: NetName=1V8D Pin=U14-F23
Added Pin To Net: NetName=DAC_SDIO Pin=U14-F24
Added Pin To Net: NetName=GND Pin=U14-F25
Added Pin To Net: NetName=DAC_CS Pin=U14-F26
Added Pin To Net: NetName=ETH_TXD0 Pin=U14-G1
Added Pin To Net: NetName=ETH_TXER Pin=U14-G2
Added Pin To Net: NetName=3V3D Pin=U14-G12
Added Pin To Net: NetName=3V3D Pin=U14-G15
Added Pin To Net: NetName=ADC_CTRL3 Pin=U14-G22
Added Pin To Net: NetName=ETH_TXEN Pin=U14-H1
Added Pin To Net: NetName=3V3D Pin=U14-H2
Added Pin To Net: NetName=ETH_RXC Pin=U14-H3
Added Pin To Net: NetName=GND Pin=U14-H4
Added Pin To Net: NetName=GND Pin=U14-H11
Added Pin To Net: NetName=ADC_SDATA Pin=U14-H20
Added Pin To Net: NetName=ADC_CTRL1 Pin=U14-H21
Added Pin To Net: NetName=ADC_CTRL2 Pin=U14-H22
Added Pin To Net: NetName=GND Pin=U14-H23
Added Pin To Net: NetName=DAC_IRQ Pin=U14-H24
Added Pin To Net: NetName=1V8D Pin=U14-H25
Added Pin To Net: NetName=DAC_TX_EN Pin=U14-H26
Added Pin To Net: NetName=ETH_RXD3 Pin=U14-J1
Added Pin To Net: NetName=ETH_RXD2 Pin=U14-J2
Added Pin To Net: NetName=3V3D Pin=U14-J6
Added Pin To Net: NetName=GND Pin=U14-J8
Added Pin To Net: NetName=3V3D Pin=U14-J9
Added Pin To Net: NetName=3V3D Pin=U14-J18
Added Pin To Net: NetName=GND Pin=U14-J19
Added Pin To Net: NetName=1V8D Pin=U14-J21
Added Pin To Net: NetName=ETH_RXD1 Pin=U14-K1
Added Pin To Net: NetName=GND Pin=U14-K2
Added Pin To Net: NetName=ETH_RXD0 Pin=U14-K3
Added Pin To Net: NetName=3V3D Pin=U14-K4
Added Pin To Net: NetName=ETH_Reset Pin=U14-K8
Added Pin To Net: NetName=1V2D Pin=U14-K11
Added Pin To Net: NetName=3V3D Pin=U14-K13
Added Pin To Net: NetName=GND Pin=U14-K16
Added Pin To Net: NetName=1V2D Pin=U14-K17
Added Pin To Net: NetName=1V8D Pin=U14-K23
Added Pin To Net: NetName=GND Pin=U14-K25
Added Pin To Net: NetName=ETH_RXER Pin=U14-L1
Added Pin To Net: NetName=ETH_RXDV Pin=U14-L2
Added Pin To Net: NetName=DDR3_A11 Pin=U14-L3
Added Pin To Net: NetName=DDR3_RESET Pin=U14-L4
Added Pin To Net: NetName=3V3D Pin=U14-L5
Added Pin To Net: NetName=DDR3_CS Pin=U14-L7
Added Pin To Net: NetName=ETH_MDIO Pin=U14-L8
Added Pin To Net: NetName=1V2D Pin=U14-L10
Added Pin To Net: NetName=GND Pin=U14-L11
Added Pin To Net: NetName=1V2D Pin=U14-L12
Added Pin To Net: NetName=GND Pin=U14-L13
Added Pin To Net: NetName=1V2D Pin=U14-L14
Added Pin To Net: NetName=GND Pin=U14-L15
Added Pin To Net: NetName=1V2D Pin=U14-L16
Added Pin To Net: NetName=3V3D Pin=U14-L22
Added Pin To Net: NetName=ETH_INTRP Pin=U14-M1
Added Pin To Net: NetName=3V3D Pin=U14-M2
Added Pin To Net: NetName=ETH_CRS Pin=U14-M3
Added Pin To Net: NetName=GND Pin=U14-M5
Added Pin To Net: NetName=DDR3_A13 Pin=U14-M6
Added Pin To Net: NetName=1V5D Pin=U14-M7
Added Pin To Net: NetName=DDR3_A12 Pin=U14-M8
Added Pin To Net: NetName=DDR3_CKE0 Pin=U14-M9
Added Pin To Net: NetName=DDR3_A10 Pin=U14-M10
Added Pin To Net: NetName=1V2D Pin=U14-M11
Added Pin To Net: NetName=GND Pin=U14-M12
Added Pin To Net: NetName=1V2D Pin=U14-M13
Added Pin To Net: NetName=GND Pin=U14-M14
Added Pin To Net: NetName=1V2D Pin=U14-M15
Added Pin To Net: NetName=GND Pin=U14-M16
Added Pin To Net: NetName=3V3D Pin=U14-M17
Added Pin To Net: NetName=GND Pin=U14-M22
Added Pin To Net: NetName=1V8D Pin=U14-M25
Added Pin To Net: NetName=ETH_COL Pin=U14-N1
Added Pin To Net: NetName=ETH_MDC Pin=U14-N2
Added Pin To Net: NetName=DDR3_A9 Pin=U14-N3
Added Pin To Net: NetName=DDR3_A8 Pin=U14-N4
Added Pin To Net: NetName=DDR3_BA2 Pin=U14-N5
Added Pin To Net: NetName=DDR3_A1 Pin=U14-N6
Added Pin To Net: NetName=DDR3_A0 Pin=U14-N7
Added Pin To Net: NetName=DDR3_RAS Pin=U14-N8
Added Pin To Net: NetName=DDR3_A4 Pin=U14-N9
Added Pin To Net: NetName=3V3D Pin=U14-N10
Added Pin To Net: NetName=GND Pin=U14-N11
Added Pin To Net: NetName=1V2D Pin=U14-N12
Added Pin To Net: NetName=GND Pin=U14-N13
Added Pin To Net: NetName=1V2D Pin=U14-N14
Added Pin To Net: NetName=GND Pin=U14-N15
Added Pin To Net: NetName=1V2D Pin=U14-N16
Added Pin To Net: NetName=DDR3_BA1 Pin=U14-P1
Added Pin To Net: NetName=GND Pin=U14-P2
Added Pin To Net: NetName=DDR3_BA0 Pin=U14-P3
Added Pin To Net: NetName=1V5D Pin=U14-P4
Added Pin To Net: NetName=DDR3_WE Pin=U14-P5
Added Pin To Net: NetName=DDR3_ODT Pin=U14-P6
Added Pin To Net: NetName=DDR3_A3 Pin=U14-P7
Added Pin To Net: NetName=DDR3_CAS Pin=U14-P8
Added Pin To Net: NetName=1V5D Pin=U14-P9
Added Pin To Net: NetName=DDR3_A7 Pin=U14-P10
Added Pin To Net: NetName=1V2D Pin=U14-P11
Added Pin To Net: NetName=GND Pin=U14-P12
Added Pin To Net: NetName=1V2D Pin=U14-P13
Added Pin To Net: NetName=GND Pin=U14-P14
Added Pin To Net: NetName=1V2D Pin=U14-P15
Added Pin To Net: NetName=GND Pin=U14-P16
Added Pin To Net: NetName=GND Pin=U14-P19
Added Pin To Net: NetName=GND Pin=U14-P25
Added Pin To Net: NetName=DDR3_A6 Pin=U14-R1
Added Pin To Net: NetName=DDR3_A5 Pin=U14-R2
Added Pin To Net: NetName=DDR3_CLK0_N Pin=U14-R3
Added Pin To Net: NetName=DDR3_CLK0_P Pin=U14-R4
Added Pin To Net: NetName=GND Pin=U14-R8
Added Pin To Net: NetName=DDR3_A2 Pin=U14-R9
Added Pin To Net: NetName=GND Pin=U14-R11
Added Pin To Net: NetName=1V2D Pin=U14-R12
Added Pin To Net: NetName=GND Pin=U14-R13
Added Pin To Net: NetName=1V2D Pin=U14-R14
Added Pin To Net: NetName=GND Pin=U14-R15
Added Pin To Net: NetName=1V2D Pin=U14-R16
Added Pin To Net: NetName=DDR3_DQ5 Pin=U14-T1
Added Pin To Net: NetName=1V5D Pin=U14-T2
Added Pin To Net: NetName=DDR3_DQ4 Pin=U14-T3
Added Pin To Net: NetName=GND Pin=U14-T5
Added Pin To Net: NetName=1V5D Pin=U14-T7
Added Pin To Net: NetName=1V2D Pin=U14-T11
Added Pin To Net: NetName=GND Pin=U14-T12
Added Pin To Net: NetName=1V2D Pin=U14-T13
Added Pin To Net: NetName=GND Pin=U14-T14
Added Pin To Net: NetName=1V2D Pin=U14-T15
Added Pin To Net: NetName=GND Pin=U14-T16
Added Pin To Net: NetName=1V2D Pin=U14-T17
Added Pin To Net: NetName=GND Pin=U14-T21
Added Pin To Net: NetName=DDR3_DQ7 Pin=U14-U1
Added Pin To Net: NetName=DDR3_DQ6 Pin=U14-U2
Added Pin To Net: NetName=3V3D Pin=U14-U6
Added Pin To Net: NetName=1V2D Pin=U14-U10
Added Pin To Net: NetName=GND Pin=U14-U11
Added Pin To Net: NetName=3V3D Pin=U14-U14
Added Pin To Net: NetName=1V2D Pin=U14-U16
Added Pin To Net: NetName=DDR3_LDQS_N Pin=U14-V1
Added Pin To Net: NetName=GND Pin=U14-V2
Added Pin To Net: NetName=DDR3_LDQS_P Pin=U14-V3
Added Pin To Net: NetName=DDR3_UDM Pin=U14-V4
Added Pin To Net: NetName=3V3D Pin=U14-V9
Added Pin To Net: NetName=CLOCK_SPI_MISO Pin=U14-V16
Added Pin To Net: NetName=GND Pin=U14-V25
Added Pin To Net: NetName=DDR3_DQ3 Pin=U14-W1
Added Pin To Net: NetName=DDR3_DQ2 Pin=U14-W2
Added Pin To Net: NetName=DDR3_LDM Pin=U14-W3
Added Pin To Net: NetName=1V5D Pin=U14-W4
Added Pin To Net: NetName=1V5D Pin=U14-W6
Added Pin To Net: NetName=GND Pin=U14-W15
Added Pin To Net: NetName=GND Pin=U14-W20
Added Pin To Net: NetName=DDR3_DQ1 Pin=U14-Y1
Added Pin To Net: NetName=1V5D Pin=U14-Y2
Added Pin To Net: NetName=DDR3_DQ0 Pin=U14-Y3
Added Pin To Net: NetName=GND Pin=U14-Y4
Added Pin To Net: NetName=GND Pin=U14-Y7
Added Pin To Net: NetName=GND Pin=U14-Y11
Added Pin To Net: NetName=3V3D Pin=U14-Y12
Added Pin To Net: NetName=3V3D Pin=U14-Y17
Added Pin To Net: NetName=CLOCK_PWRDN Pin=U14-Y18
Added Pin To Net: NetName=3V3D Pin=U14-Y19
Added Pin To Net: NetName=GND Pin=U14-Y23
Added Pin To Net: NetName=ADC_AVDD Pin=U21-16
Added Pin To Net: NetName=ADC_AVDD Pin=U21-33
Added Pin To Net: NetName=ADC_AVDD Pin=U21-34
Add Class Member: Failed to add class member : Component H1 335314B00000G
Add Class Member: Failed to add class member : Component R27 RMCF0402FT10R0
Added Member To Class: ClassName=S7CAS-PLEIADES-CARTE-MERE_P06_FPGA2 Member=Component U14 XC6SLX100-3FGG676C
