Change Component Designator: Old Designator=C29 New Designator=C32
Change Component Designator: Old Designator=C30 New Designator=C33
Change Component Designator: Old Designator=C31 New Designator=C34
Change Component Designator: Old Designator=C32 New Designator=C35
Change Component Designator: Old Designator=C33 New Designator=C45
Change Component Designator: Old Designator=C34 New Designator=C46
Change Component Designator: Old Designator=C35 New Designator=C36
Change Component Designator: Old Designator=C36 New Designator=C37
Change Component Designator: Old Designator=C37 New Designator=C48
Change Component Designator: Old Designator=C38 New Designator=C43
Change Component Designator: Old Designator=C39 New Designator=C44
Change Component Designator: Old Designator=C43 New Designator=C47
Change Component Designator: Old Designator=C? New Designator=C29
Change Component Designator: Old Designator=C? New Designator=C30
Change Component Designator: Old Designator=C? New Designator=C31
Change Component Designator: Old Designator=C? New Designator=C38
Change Component Designator: Old Designator=C? New Designator=C39
Change Component Designator: Old Designator=C? New Designator=C40
Change Component Designator: Old Designator=C? New Designator=C41
Change Component Designator: Old Designator=C? New Designator=C42
Change Component Designator: Old Designator=R19 New Designator=R24
Change Component Designator: Old Designator=R20 New Designator=R19
Change Component Designator: Old Designator=R21 New Designator=R20
Change Component Designator: Old Designator=R22 New Designator=R26
Change Component Designator: Old Designator=R? New Designator=R21
Change Component Designator: Old Designator=R? New Designator=R22
Change Component Designator: Old Designator=TP10 New Designator=TP11
Change Component Designator: Old Designator=TP11 New Designator=TP10
Change Component Designator: Old Designator=U10 New Designator=U12
Change Component Designator: Old Designator=U?? New Designator=U10
