Change Component Comment : Designator=TP1 Old Comment=5V8 New Comment=5019
Change Component Designator: OldDesignator=C44 NewDesignator=C49
Change Component Designator: OldDesignator=C45 NewDesignator=C50
Change Component Designator: OldDesignator=C46 NewDesignator=C51
Change Component Designator: OldDesignator=C47 NewDesignator=C52
Change Component Designator: OldDesignator=C48 NewDesignator=C53
Change Component Designator: OldDesignator=C49 NewDesignator=C54
Change Component Designator: OldDesignator=C50 NewDesignator=C55
Change Component Designator: OldDesignator=C51 NewDesignator=C56
Change Component Designator: OldDesignator=C52 NewDesignator=C57
Change Component Designator: OldDesignator=C53 NewDesignator=C58
Change Component Designator: OldDesignator=C54 NewDesignator=C44
Change Component Designator: OldDesignator=C55 NewDesignator=C45
Change Component Designator: OldDesignator=C56 NewDesignator=C46
Change Component Designator: OldDesignator=C57 NewDesignator=C47
Change Component Designator: OldDesignator=C58 NewDesignator=C48
Change Component Designator: OldDesignator=C102 NewDesignator=C180
Change Component Designator: OldDesignator=C103 NewDesignator=C102
Change Component Designator: OldDesignator=C104 NewDesignator=C103
Change Component Designator: OldDesignator=C105 NewDesignator=C104
Change Component Designator: OldDesignator=C106 NewDesignator=C105
Change Component Designator: OldDesignator=C107 NewDesignator=C106
Change Component Designator: OldDesignator=C108 NewDesignator=C107
Change Component Designator: OldDesignator=C109 NewDesignator=C108
Change Component Designator: OldDesignator=C110 NewDesignator=C109
Change Component Designator: OldDesignator=C111 NewDesignator=C110
Change Component Designator: OldDesignator=C112 NewDesignator=C111
Change Component Designator: OldDesignator=C113 NewDesignator=C112
Change Component Designator: OldDesignator=C114 NewDesignator=C113
Change Component Designator: OldDesignator=C115 NewDesignator=C114
Change Component Designator: OldDesignator=C116 NewDesignator=C115
Change Component Designator: OldDesignator=C117 NewDesignator=C116
Change Component Designator: OldDesignator=C118 NewDesignator=C117
Change Component Designator: OldDesignator=C119 NewDesignator=C118
Change Component Designator: OldDesignator=C120 NewDesignator=C119
Change Component Designator: OldDesignator=C121 NewDesignator=C120
Change Component Designator: OldDesignator=C122 NewDesignator=C129
Change Component Designator: OldDesignator=C123 NewDesignator=C130
Change Component Designator: OldDesignator=C124 NewDesignator=C131
Change Component Designator: OldDesignator=C125 NewDesignator=C132
Change Component Designator: OldDesignator=C126 NewDesignator=C133
Change Component Designator: OldDesignator=C127 NewDesignator=C134
Change Component Designator: OldDesignator=C128 NewDesignator=C135
Change Component Designator: OldDesignator=C129 NewDesignator=C136
Change Component Designator: OldDesignator=C130 NewDesignator=C137
Change Component Designator: OldDesignator=C131 NewDesignator=C121
Change Component Designator: OldDesignator=C132 NewDesignator=C122
Change Component Designator: OldDesignator=C133 NewDesignator=C123
Change Component Designator: OldDesignator=C134 NewDesignator=C124
Change Component Designator: OldDesignator=C135 NewDesignator=C125
Change Component Designator: OldDesignator=C136 NewDesignator=C126
Change Component Designator: OldDesignator=C137 NewDesignator=C127
Change Component Designator: OldDesignator=C138 NewDesignator=C128
Change Component Designator: OldDesignator=C139 NewDesignator=C138
Change Component Designator: OldDesignator=C140 NewDesignator=C139
Change Component Designator: OldDesignator=C141 NewDesignator=C140
Change Component Designator: OldDesignator=C142 NewDesignator=C141
Change Component Designator: OldDesignator=C143 NewDesignator=C142
Change Component Designator: OldDesignator=C144 NewDesignator=C143
Change Component Designator: OldDesignator=C145 NewDesignator=C144
Change Component Designator: OldDesignator=C146 NewDesignator=C145
Change Component Designator: OldDesignator=C147 NewDesignator=C146
Change Component Designator: OldDesignator=C148 NewDesignator=C147
Change Component Designator: OldDesignator=C149 NewDesignator=C148
Change Component Designator: OldDesignator=C150 NewDesignator=C149
Change Component Designator: OldDesignator=C151 NewDesignator=C171
Change Component Designator: OldDesignator=C152 NewDesignator=C172
Change Component Designator: OldDesignator=C153 NewDesignator=C173
Change Component Designator: OldDesignator=C154 NewDesignator=C174
Change Component Designator: OldDesignator=C155 NewDesignator=C175
Change Component Designator: OldDesignator=C156 NewDesignator=C176
Change Component Designator: OldDesignator=C157 NewDesignator=C177
Change Component Designator: OldDesignator=C158 NewDesignator=C178
Change Component Designator: OldDesignator=C160 NewDesignator=C150
Change Component Designator: OldDesignator=C161 NewDesignator=C181
Change Component Designator: OldDesignator=C162 NewDesignator=C182
Change Component Designator: OldDesignator=C163 NewDesignator=C183
Change Component Designator: OldDesignator=C164 NewDesignator=C184
Change Component Designator: OldDesignator=C165 NewDesignator=C185
Change Component Designator: OldDesignator=C166 NewDesignator=C186
Change Component Designator: OldDesignator=C167 NewDesignator=C187
Change Component Designator: OldDesignator=C168 NewDesignator=C188
Change Component Designator: OldDesignator=C169 NewDesignator=C189
Change Component Designator: OldDesignator=C170 NewDesignator=C190
Change Component Designator: OldDesignator=C171 NewDesignator=C191
Change Component Designator: OldDesignator=C172 NewDesignator=C192
Change Component Designator: OldDesignator=C173 NewDesignator=C193
Change Component Designator: OldDesignator=C174 NewDesignator=C194
Change Component Designator: OldDesignator=C175 NewDesignator=C195
Change Component Designator: OldDesignator=C176 NewDesignator=C196
Change Component Designator: OldDesignator=C177 NewDesignator=C197
Change Component Designator: OldDesignator=C178 NewDesignator=C198
Change Component Designator: OldDesignator=C179 NewDesignator=C199
Change Component Designator: OldDesignator=C180 NewDesignator=C200
Change Component Designator: OldDesignator=C181 NewDesignator=C201
Change Component Designator: OldDesignator=C182 NewDesignator=C202
Change Component Designator: OldDesignator=C183 NewDesignator=C203
Change Component Designator: OldDesignator=C184 NewDesignator=C204
Change Component Designator: OldDesignator=C185 NewDesignator=C205
Change Component Designator: OldDesignator=C186 NewDesignator=C206
Change Component Designator: OldDesignator=C187 NewDesignator=C207
Change Component Designator: OldDesignator=C188 NewDesignator=C208
Change Component Designator: OldDesignator=C189 NewDesignator=C209
Change Component Designator: OldDesignator=C190 NewDesignator=C210
Change Component Designator: OldDesignator=C191 NewDesignator=C211
Change Component Designator: OldDesignator=C192 NewDesignator=C212
Change Component Designator: OldDesignator=C193 NewDesignator=C213
Change Component Designator: OldDesignator=C194 NewDesignator=C214
Change Component Designator: OldDesignator=C195 NewDesignator=C215
Change Component Designator: OldDesignator=C196 NewDesignator=C216
Change Component Designator: OldDesignator=C197 NewDesignator=C217
Change Component Designator: OldDesignator=C198 NewDesignator=C218
Change Component Designator: OldDesignator=C199 NewDesignator=C219
Change Component Designator: OldDesignator=C200 NewDesignator=C220
Change Component Designator: OldDesignator=C201 NewDesignator=C221
Change Component Designator: OldDesignator=C202 NewDesignator=C222
Change Component Designator: OldDesignator=C203 NewDesignator=C223
Change Component Designator: OldDesignator=C204 NewDesignator=C224
Change Component Designator: OldDesignator=C205 NewDesignator=C225
Change Component Designator: OldDesignator=C206 NewDesignator=C226
Change Component Designator: OldDesignator=C207 NewDesignator=C227
Change Component Designator: OldDesignator=C208 NewDesignator=C228
Change Component Designator: OldDesignator=C209 NewDesignator=C229
Change Component Designator: OldDesignator=C210 NewDesignator=C230
Change Component Designator: OldDesignator=C211 NewDesignator=C231
Change Component Designator: OldDesignator=C212 NewDesignator=C232
Change Component Designator: OldDesignator=C213 NewDesignator=C233
Change Component Designator: OldDesignator=C214 NewDesignator=C234
Change Component Designator: OldDesignator=C215 NewDesignator=C235
Change Component Designator: OldDesignator=C216 NewDesignator=C236
Change Component Designator: OldDesignator=C217 NewDesignator=C237
Change Component Designator: OldDesignator=C218 NewDesignator=C238
Change Component Designator: OldDesignator=C219 NewDesignator=C239
Change Component Designator: OldDesignator=C220 NewDesignator=C240
Change Component Designator: OldDesignator=C221 NewDesignator=C241
Change Component Designator: OldDesignator=C222 NewDesignator=C242
Change Component Designator: OldDesignator=C223 NewDesignator=C243
Change Component Designator: OldDesignator=C224 NewDesignator=C244
Change Component Designator: OldDesignator=C225 NewDesignator=C245
Change Component Designator: OldDesignator=C226 NewDesignator=C246
Change Component Designator: OldDesignator=C227 NewDesignator=C247
Change Component Designator: OldDesignator=C228 NewDesignator=C248
Change Component Designator: OldDesignator=C229 NewDesignator=C249
Change Component Designator: OldDesignator=C230 NewDesignator=C250
Change Component Designator: OldDesignator=C231 NewDesignator=C251
Change Component Designator: OldDesignator=C232 NewDesignator=C252
Change Component Designator: OldDesignator=C233 NewDesignator=C253
Change Component Designator: OldDesignator=C234 NewDesignator=C254
Change Component Designator: OldDesignator=C235 NewDesignator=C255
Change Component Designator: OldDesignator=C236 NewDesignator=C256
Change Component Designator: OldDesignator=C237 NewDesignator=C257
Change Component Designator: OldDesignator=C238 NewDesignator=C258
Change Component Designator: OldDesignator=C239 NewDesignator=C259
Change Component Designator: OldDesignator=C240 NewDesignator=C260
Change Component Designator: OldDesignator=C241 NewDesignator=C261
Change Component Designator: OldDesignator=C242 NewDesignator=C262
Change Component Designator: OldDesignator=C243 NewDesignator=C151
Change Component Designator: OldDesignator=C244 NewDesignator=C152
Change Component Designator: OldDesignator=C245 NewDesignator=C153
Change Component Designator: OldDesignator=C246 NewDesignator=C154
Change Component Designator: OldDesignator=C247 NewDesignator=C155
Change Component Designator: OldDesignator=C248 NewDesignator=C156
Change Component Designator: OldDesignator=C249 NewDesignator=C157
Change Component Designator: OldDesignator=C250 NewDesignator=C158
Change Component Designator: OldDesignator=C251 NewDesignator=C159
Change Component Designator: OldDesignator=C252 NewDesignator=C160
Change Component Designator: OldDesignator=C253 NewDesignator=C161
Change Component Designator: OldDesignator=C254 NewDesignator=C162
Change Component Designator: OldDesignator=C255 NewDesignator=C163
Change Component Designator: OldDesignator=C256 NewDesignator=C164
Change Component Designator: OldDesignator=C257 NewDesignator=C165
Change Component Designator: OldDesignator=C258 NewDesignator=C166
Change Component Designator: OldDesignator=C259 NewDesignator=C167
Change Component Designator: OldDesignator=C260 NewDesignator=C168
Change Component Designator: OldDesignator=C261 NewDesignator=C169
Change Component Designator: OldDesignator=C262 NewDesignator=C170
Change Component Designator: OldDesignator=L7 NewDesignator=L3
Change Component Designator: OldDesignator=L8 NewDesignator=L4
Change Component Designator: OldDesignator=L9 NewDesignator=L5
Change Component Designator: OldDesignator=L10 NewDesignator=L6
Change Component Designator: OldDesignator=L11 NewDesignator=L7
Change Component Designator: OldDesignator=L12 NewDesignator=L8
Change Component Designator: OldDesignator=L13 NewDesignator=L9
Change Component Designator: OldDesignator=L14 NewDesignator=L10
Change Component Designator: OldDesignator=L15 NewDesignator=L11
Change Component Designator: OldDesignator=L16 NewDesignator=L12
Change Component Designator: OldDesignator=L17 NewDesignator=L13
Change Component Designator: OldDesignator=R33 NewDesignator=R34
Change Component Designator: OldDesignator=R34 NewDesignator=R35
Change Component Designator: OldDesignator=R35 NewDesignator=R36
Change Component Designator: OldDesignator=R36 NewDesignator=R37
Change Component Designator: OldDesignator=R37 NewDesignator=R38
Change Component Designator: OldDesignator=R38 NewDesignator=R39
Change Component Designator: OldDesignator=R39 NewDesignator=R40
Change Component Designator: OldDesignator=R40 NewDesignator=R33
Change Component Designator: OldDesignator=R81 NewDesignator=R78
Change Component Designator: OldDesignator=R82 NewDesignator=R79
Change Component Designator: OldDesignator=R83 NewDesignator=R80
Change Component Designator: OldDesignator=R84 NewDesignator=R81
Change Component Designator: OldDesignator=R85 NewDesignator=R82
Change Component Designator: OldDesignator=R86 NewDesignator=R83
Change Component Designator: OldDesignator=R87 NewDesignator=R84
Change Component Designator: OldDesignator=R88 NewDesignator=R85
Change Component Designator: OldDesignator=R89 NewDesignator=R86
Change Component Designator: OldDesignator=R90 NewDesignator=R87
Change Component Designator: OldDesignator=R91 NewDesignator=R88
Change Component Designator: OldDesignator=R92 NewDesignator=R89
Change Component Designator: OldDesignator=R93 NewDesignator=R90
Change Component Designator: OldDesignator=R94 NewDesignator=R91
Change Component Designator: OldDesignator=R95 NewDesignator=R92
Change Component Designator: OldDesignator=R96 NewDesignator=R93
Change Component Designator: OldDesignator=R97 NewDesignator=R94
Change Component Designator: OldDesignator=R98 NewDesignator=R95
Change Component Designator: OldDesignator=R99 NewDesignator=R96
Change Component Designator: OldDesignator=R100 NewDesignator=R97
Change Component Designator: OldDesignator=R101 NewDesignator=R98
Change Component Designator: OldDesignator=R102 NewDesignator=R99
Change Component Designator: OldDesignator=R103 NewDesignator=R100
Change Component Designator: OldDesignator=R104 NewDesignator=R101
Change Component Designator: OldDesignator=R105 NewDesignator=R102
Change Component Designator: OldDesignator=R106 NewDesignator=R103
Change Component Designator: OldDesignator=R107 NewDesignator=R104
Change Component Designator: OldDesignator=R108 NewDesignator=R105
Change Component Designator: OldDesignator=R109 NewDesignator=R106
Change Component Designator: OldDesignator=R110 NewDesignator=R107
Change Component Designator: OldDesignator=R111 NewDesignator=R108
Change Component Designator: OldDesignator=R112 NewDesignator=R109
Change Component Designator: OldDesignator=R113 NewDesignator=R110
Change Component Designator: OldDesignator=R114 NewDesignator=R111
Change Component Designator: OldDesignator=R115 NewDesignator=R112
Change Component Designator: OldDesignator=R116 NewDesignator=R113
Change Component Designator: OldDesignator=R117 NewDesignator=R114
Change Component Designator: OldDesignator=R118 NewDesignator=R115
Change Component Designator: OldDesignator=R119 NewDesignator=R116
Change Component Designator: OldDesignator=R120 NewDesignator=R117
Change Component Designator: OldDesignator=R121 NewDesignator=R118
Change Component Designator: OldDesignator=R122 NewDesignator=R119
Change Component Designator: OldDesignator=R123 NewDesignator=R120
Change Component Designator: OldDesignator=R124 NewDesignator=R121
Change Component Designator: OldDesignator=R125 NewDesignator=R122
Change Component Designator: OldDesignator=R126 NewDesignator=R123
Change Component Designator: OldDesignator=R127 NewDesignator=R124
Change Component Designator: OldDesignator=R128 NewDesignator=R125
Change Component Designator: OldDesignator=R129 NewDesignator=R126
Change Component Designator: OldDesignator=R130 NewDesignator=R127
Change Component Designator: OldDesignator=R131 NewDesignator=R128
Change Component Designator: OldDesignator=R132 NewDesignator=R129
Change Component Designator: OldDesignator=R133 NewDesignator=R130
Change Component Designator: OldDesignator=R134 NewDesignator=R131
Change Component Designator: OldDesignator=U14 NewDesignator=U13
Change Component Designator: OldDesignator=U16 NewDesignator=U14
Change Component Designator: OldDesignator=U17 NewDesignator=U16
Change Component Designator: OldDesignator=U18 NewDesignator=U17
Change Component Designator: OldDesignator=U26 NewDesignator=U18
Added Component: Designator=C179(CAP_ALU_1010_vishay)
Add component (AddParameter): Name = "CreatedBy"; Value = "Jonathan Bouchard"; VariantName = "[No Variations]"
Add component (AddParameter): Name = "Current"; Value = "490mA"; VariantName = "[No Variations]"
Add component (AddParameter): Name = "FootprintNameOK"; Value = ""; VariantName = "[No Variations]"
Add component (AddParameter): Name = "HelpURL"; Value = "http://www.vishay.com/docs/28395/150crz.pdf"; VariantName = "[No Variations]"
Add component (AddParameter): Name = "Mfg"; Value = "Vishay Dale"; VariantName = "[No Variations]"
Add component (AddParameter): Name = "Mfg Part Number"; Value = "MAL215099101E3"; VariantName = "[No Variations]"
Add component (AddParameter): Name = "NI"; Value = ""; VariantName = "[No Variations]"
Add component (AddParameter): Name = "Package"; Value = "1010"; VariantName = "[No Variations]"
Add component (AddParameter): Name = "Power"; Value = ""; VariantName = "[No Variations]"
Add component (AddParameter): Name = "Precision"; Value = "20%"; VariantName = "[No Variations]"
Add component (AddParameter): Name = "Supplier 1"; Value = "Digikey"; VariantName = "[No Variations]"
Add component (AddParameter): Name = "Supplier Part Number 1"; Value = "4399PHDKR-ND"; VariantName = "[No Variations]"
Add component (AddParameter): Name = "Temperature"; Value = "-55°C to 125°C"; VariantName = "[No Variations]"
Add component (AddParameter): Name = "Value"; Value = "100uF"; VariantName = "[No Variations]"
Add component (AddParameter): Name = "VerifiedBy"; Value = ""; VariantName = "[No Variations]"
Add component (AddParameter): Name = "Voltage"; Value = "50V"; VariantName = "[No Variations]"
Added Pin To Net: NetName=24V Pin=C179-1
Added Pin To Net: NetName=GND Pin=C179-2
Added Pin To Net: NetName=5V Pin=C234-2
Added Pin To Net: NetName=5V Pin=C235-2
Added Pin To Net: NetName=-5V Pin=C251-2
Added Pin To Net: NetName=-5V Pin=C252-2
Change Net Name : Old Net Name=NetC57_2 New Net Name=NetC47_2
Change Net Name : Old Net Name=NetC58_2 New Net Name=NetC48_2
Change Net Name : Old Net Name=NetC122_2 New Net Name=NetC129_2
Change Net Name : Old Net Name=NetC123_2 New Net Name=NetC130_2
Change Net Name : Old Net Name=NetC152_2 New Net Name=NetC172_2
Change Net Name : Old Net Name=NetC153_1 New Net Name=NetC173_1
Change Net Name : Old Net Name=NetC154_1 New Net Name=NetC174_1
Change Net Name : Old Net Name=NetC154_2 New Net Name=NetC174_2
Change Net Name : Old Net Name=NetC156_2 New Net Name=NetC176_2
Change Net Name : Old Net Name=NetC157_2 New Net Name=NetC177_2
Change Net Name : Old Net Name=NetC158_2 New Net Name=NetC178_2
Change Net Name : Old Net Name=NetC162_1 New Net Name=NetC182_1
Change Net Name : Old Net Name=NetC163_1 New Net Name=NetC183_1
Change Net Name : Old Net Name=NetC164_1 New Net Name=NetC184_1
Change Net Name : Old Net Name=NetC164_2 New Net Name=NetC184_2
Change Net Name : Old Net Name=NetC166_1 New Net Name=NetC186_1
Change Net Name : Old Net Name=NetC166_2 New Net Name=NetC186_2
Change Net Name : Old Net Name=NetC197_2 New Net Name=NetC217_2
Change Net Name : Old Net Name=NetC198_1 New Net Name=NetC218_1
Change Net Name : Old Net Name=NetC198_2 New Net Name=NetC218_2
Change Net Name : Old Net Name=NetC199_1 New Net Name=NetC219_1
Change Net Name : Old Net Name=NetC200_1 New Net Name=NetC220_1
Change Net Name : Old Net Name=NetC201_1 New Net Name=NetC221_1
Change Net Name : Old Net Name=NetC201_2 New Net Name=NetC221_2
Change Net Name : Old Net Name=NetC235_1 New Net Name=NetC255_1
Change Net Name : Old Net Name=NetL8_1 New Net Name=NetL4_1
Change Net Name : Old Net Name=NetL8_2 New Net Name=NetL4_2
Change Net Name : Old Net Name=NetL9_1 New Net Name=NetL5_1
Change Net Name : Old Net Name=NetL9_2 New Net Name=NetL5_2
Change Net Name : Old Net Name=NetL10_1 New Net Name=NetL6_1
Change Net Name : Old Net Name=NetL10_2 New Net Name=NetL6_2
Change Net Name : Old Net Name=NetL11_1 New Net Name=NetL7_1
Change Net Name : Old Net Name=NetL11_2 New Net Name=NetL7_2
Change Net Name : Old Net Name=NetL13_1 New Net Name=NetL9_1
Change Net Name : Old Net Name=NetL14_1 New Net Name=NetL10_1
Change Net Name : Old Net Name=NetL15_1 New Net Name=NetL11_1
Change Net Name : Old Net Name=NetL16_1 New Net Name=NetL12_1
Change Net Name : Old Net Name=NetR35_2 New Net Name=NetR36_2
Change Net Name : Old Net Name=NetR36_2 New Net Name=NetR37_2
Change Net Name : Old Net Name=NetR39_2 New Net Name=NetR40_2
Change Net Name : Old Net Name=NetR40_2 New Net Name=NetR33_2
Change Net Name : Old Net Name=NetR81_1 New Net Name=NetR78_1
Change Net Name : Old Net Name=NetR83_2 New Net Name=NetR80_2
Change Net Name : Old Net Name=NetR88_2 New Net Name=NetR85_2
Change Net Name : Old Net Name=NetR91_1 New Net Name=NetR88_1
Change Net Name : Old Net Name=NetR96_1 New Net Name=NetR93_1
Change Net Name : Old Net Name=NetR96_2 New Net Name=NetR93_2
Change Net Name : Old Net Name=NetR100_1 New Net Name=NetR97_1
Change Net Name : Old Net Name=NetR102_1 New Net Name=NetR99_1
Change Net Name : Old Net Name=NetR103_1 New Net Name=NetR100_1
Change Net Name : Old Net Name=NetR103_2 New Net Name=NetR100_2
Change Net Name : Old Net Name=NetR107_1 New Net Name=NetR104_1
Change Net Name : Old Net Name=NetR109_1 New Net Name=NetR106_1
Change Net Name : Old Net Name=NetR112_1 New Net Name=NetR109_1
Change Net Name : Old Net Name=NetR112_2 New Net Name=NetR109_2
Change Net Name : Old Net Name=NetR113_2 New Net Name=NetR110_2
Change Net Name : Old Net Name=NetR117_2 New Net Name=NetR114_2
Change Net Name : Old Net Name=NetR121_1 New Net Name=NetR118_1
Change Net Name : Old Net Name=NetR121_2 New Net Name=NetR118_2
Change Net Name : Old Net Name=NetR124_2 New Net Name=NetR121_2
Change Net Name : Old Net Name=NetR128_1 New Net Name=NetR125_1
Added Member To Class: ClassName=S7CAS-PLEIADES-CARTE-MERE_P06_MOTOR Member=Component C179 MAL215099101E3
Add Class Member: Failed to add class member : Component H1 335314B00000G
