Change Component Designator: Old Designator=C233 New Designator=C?
Change Component Designator: Old Designator=C234 New Designator=C?
Change Component Designator: Old Designator=C235 New Designator=C?
Change Component Designator: Old Designator=C236 New Designator=C?
Change Component Designator: Old Designator=C237 New Designator=C?
Change Component Designator: Old Designator=C238 New Designator=C?
Change Component Designator: Old Designator=C239 New Designator=C?
Change Component Designator: Old Designator=C240 New Designator=C?
Change Component Designator: Old Designator=C241 New Designator=C?
Change Component Designator: Old Designator=C242 New Designator=C?
Change Component Designator: Old Designator=D9 New Designator=D?
Change Component Designator: Old Designator=ISO1 New Designator=ISO?
Change Component Designator: Old Designator=J8 New Designator=J?
Change Component Designator: Old Designator=M1 New Designator=M?
Change Component Designator: Old Designator=R128 New Designator=R?
Change Component Designator: Old Designator=R129 New Designator=R?
Change Component Designator: Old Designator=R130 New Designator=R?
Change Component Designator: Old Designator=R131 New Designator=R?
Change Component Designator: Old Designator=R132 New Designator=R?
Change Component Designator: Old Designator=R133 New Designator=R?
Change Component Designator: Old Designator=R134 New Designator=R?
Change Component Designator: Old Designator=U25 New Designator=U?
